loading claudios/VulBERTa-MLP-D2A ...
Warning: You are sending unauthenticated requests to the HF Hub. Please set a HF_TOKEN to enable higher rate limits and faster downloads.
Loading weights:   0%|          | 0/201 [00:00<?, ?it/s]Loading weights:  26%|██▋       | 53/201 [00:00<00:00, 512.90it/s]Loading weights:  52%|█████▏    | 105/201 [00:00<00:00, 510.99it/s]Loading weights:  78%|███████▊  | 157/201 [00:00<00:00, 471.74it/s]Loading weights: 100%|██████████| 201/201 [00:00<00:00, 555.34it/s]
391 results in /mnt/c/Users/user/vuln-detection/results/qwen_full
[50/391] scored
[100/391] scored
[150/391] scored
[200/391] scored
[250/391] scored
[300/391] scored
[350/391] scored
[391/391] scored

=== ALL cases (whole-corpus baseline) (n=391) ===
  TP rate (VulBERTa flags real vulnerable_snippet) : 305/391 (78.0%)
  FP rate (VulBERTa flags real fixed_snippet)      : 306/391 (78.3%)
  gap (TP - FP)                                    : -0.3%

=== Our method FLAGGED vulnerable side (judge_vs_vulnerable = security_vulnerability_concern) (n=149) ===
  TP rate (VulBERTa flags real vulnerable_snippet) : 124/149 (83.2%)
  FP rate (VulBERTa flags real fixed_snippet)      : 124/149 (83.2%)
  gap (TP - FP)                                    : +0.0%

=== Our method did NOT flag vulnerable side (control group) (n=242) ===
  TP rate (VulBERTa flags real vulnerable_snippet) : 181/242 (74.8%)
  FP rate (VulBERTa flags real fixed_snippet)      : 182/242 (75.2%)
  gap (TP - FP)                                    : -0.4%

=== Our method's PAIRED-CORRECT cases (flagged vuln AND NOT flagged fixed) (n=59) ===
  TP rate (VulBERTa flags real vulnerable_snippet) : 51/59 (86.4%)
  FP rate (VulBERTa flags real fixed_snippet)      : 51/59 (86.4%)
  gap (TP - FP)                                    : +0.0%
