loading claudios/VulBERTa-MLP-D2A ...
Warning: You are sending unauthenticated requests to the HF Hub. Please set a HF_TOKEN to enable higher rate limits and faster downloads.
Loading weights:   0%|          | 0/201 [00:00<?, ?it/s]Loading weights: 100%|██████████| 201/201 [00:00<00:00, 2666.86it/s]
sampled 392/392 extraction-ok cases (seed=1)

[1/392] C_1292__1       vuln=[0.7389186024665833, 0.26108139753341675] fixed=[0.7389186024665833, 0.26108139753341675]
[2/392] C_660__0        vuln=[0.6316260695457458, 0.36837390065193176] fixed=[0.6316260695457458, 0.36837390065193176]
[3/392] C_1103__0       vuln=[0.6738156676292419, 0.32618433237075806] fixed=[0.8113728761672974, 0.18862712383270264]
[4/392] C_246__1        vuln=[0.6170370578765869, 0.3829629421234131] fixed=[0.4980224072933197, 0.5019775629043579]
[5/392] C_124__0        vuln=[0.41474390029907227, 0.5852560997009277] fixed=[0.3264159858226776, 0.6735840439796448]
[6/392] C_583__0        vuln=[0.5932096242904663, 0.4067904055118561] fixed=[0.6078857183456421, 0.3921143114566803]
[7/392] C_495__0        vuln=[0.6005146503448486, 0.39948537945747375] fixed=[0.6412538290023804, 0.35874614119529724]
[8/392] C_543__0        vuln=[0.4707365036010742, 0.5292634963989258] fixed=[0.3754136264324188, 0.6245864033699036]
[9/392] C_761__0        vuln=[0.5845397710800171, 0.4154602289199829] fixed=[0.4706871211528778, 0.5293129086494446] cand=[0.5689681172370911, 0.43103182315826416] (pilot)
[10/392] C_417__0        vuln=[0.5887761116027832, 0.4112239181995392] fixed=[0.4530259966850281, 0.5469740033149719]
[11/392] C_183__0        vuln=[0.5899656414985657, 0.4100343585014343] fixed=[0.584834635257721, 0.41516533493995667]
[12/392] C_1170__0       vuln=[0.796643078327179, 0.20335692167282104] fixed=[0.8033775687217712, 0.19662244617938995]
[13/392] C_574__1        vuln=[0.6929700970649719, 0.30702993273735046] fixed=[0.6682557463645935, 0.3317442834377289]
[14/392] Cpp_711__2      vuln=[0.6601987481117249, 0.33980122208595276] fixed=[0.6500911116600037, 0.34990888833999634] cand=[0.6460058093070984, 0.3539941608905792] (pilot)
[15/392] C_424__3        vuln=[0.43318971991539, 0.5668103098869324] fixed=[0.6372803449630737, 0.3627196252346039]
[16/392] C_474__1        vuln=[0.6203629970550537, 0.3796370029449463] fixed=[0.6903254389762878, 0.30967462062835693]
[17/392] C_702__0        vuln=[0.5193918943405151, 0.48060810565948486] fixed=[0.5222443342208862, 0.47775566577911377]
[18/392] Cpp_16__0       vuln=[0.49408864974975586, 0.5059114098548889] fixed=[0.5663695931434631, 0.43363043665885925]
[19/392] C_82__1         vuln=[0.578176736831665, 0.4218232035636902] fixed=[0.6188228726387024, 0.38117715716362]
[20/392] C_493__0        vuln=[0.602095365524292, 0.3979046642780304] fixed=[0.6159348487854004, 0.3840651214122772]
[21/392] C_256__1        vuln=[0.48597201704978943, 0.514028012752533] fixed=[0.5840831995010376, 0.4159168004989624]
[22/392] C_867__0        vuln=[0.4125795364379883, 0.5874204635620117] fixed=[0.48477280139923096, 0.5152271389961243]
[23/392] C_200__0        vuln=[0.660963237285614, 0.339036762714386] fixed=[0.663819432258606, 0.33618059754371643]
[24/392] C_684__0        vuln=[0.6335123181343079, 0.36648765206336975] fixed=[0.6335123181343079, 0.36648765206336975]
[25/392] C_1191__0       vuln=[0.6679219007492065, 0.33207812905311584] fixed=[0.6799020171165466, 0.320097953081131]
[26/392] C_316__1        vuln=[0.5720586776733398, 0.42794138193130493] fixed=[0.5912126898765564, 0.408787339925766]
[27/392] Cpp_711__3      vuln=[0.7150857448577881, 0.2849142551422119] fixed=[0.6880742907524109, 0.3119257390499115]
[28/392] Cpp_697__0      vuln=[0.3756917715072632, 0.6243082284927368] fixed=[0.44531795382499695, 0.5546820759773254]
[29/392] Cpp_711__1      vuln=[0.7505679130554199, 0.24943211674690247] fixed=[0.7345775961875916, 0.26542237401008606]
[30/392] C_753__0        vuln=[0.5280782580375671, 0.4719216823577881] fixed=[0.48054131865501404, 0.5194587111473083]
[31/392] C_626__1        vuln=[0.5301351547241211, 0.4698648750782013] fixed=[0.3838871717453003, 0.6161127686500549]
[32/392] Cpp_376__0      vuln=[0.514847993850708, 0.4851520359516144] fixed=[0.5116515159606934, 0.4883485734462738]
[33/392] C_41__0         vuln=[0.5904394388198853, 0.40956053137779236] fixed=[0.5687161684036255, 0.43128377199172974]
[34/392] C_822__0        vuln=[0.5620966553688049, 0.43790337443351746] fixed=[0.5433907508850098, 0.45660924911499023]
[35/392] C_191__0        vuln=[0.6566163897514343, 0.3433835506439209] fixed=[0.6625532507896423, 0.33744677901268005]
[36/392] C_467__3        vuln=[0.5354965329170227, 0.4645034372806549] fixed=[0.5970755219459534, 0.402924507856369]
[37/392] C_88__0         vuln=[0.5780985951423645, 0.4219014346599579] fixed=[0.5723925232887268, 0.4276075065135956]
[38/392] C_60__0         vuln=[0.6221959590911865, 0.37780407071113586] fixed=[0.6215122938156128, 0.3784877061843872]
[39/392] C_198__0        vuln=[0.555083155632019, 0.4449167847633362] fixed=[0.49442681670188904, 0.5055731534957886]
[40/392] C_483__0        vuln=[0.6479747295379639, 0.3520253002643585] fixed=[0.6499748826026917, 0.3500252068042755]
[41/392] C_94__1         vuln=[0.47681736946105957, 0.5231826305389404] fixed=[0.4893113374710083, 0.5106886625289917]
[42/392] C_635__0        vuln=[0.3934401869773865, 0.6065598726272583] fixed=[0.3688172399997711, 0.6311827301979065]
[43/392] C_205__0        vuln=[0.5747197270393372, 0.42528027296066284] fixed=[0.6130509376525879, 0.38694900274276733]
[44/392] C_360__0        vuln=[0.5613352656364441, 0.4386647641658783] fixed=[0.5455704927444458, 0.454429566860199]
[45/392] C_202__0        vuln=[0.5920599699020386, 0.40793997049331665] fixed=[0.5844542384147644, 0.4155457615852356]
[46/392] C_809__1        vuln=[0.4038087725639343, 0.5961912274360657] fixed=[0.359918475151062, 0.640081524848938]
[47/392] C_197__0        vuln=[0.5870270133018494, 0.4129730463027954] fixed=[0.5716661214828491, 0.4283338487148285]
[48/392] C_50__0         vuln=[0.7476632595062256, 0.2523367702960968] fixed=[0.7628476023674011, 0.23715238273143768]
[49/392] C_292__0        vuln=[0.4164085388183594, 0.5835914015769958] fixed=[0.40698763728141785, 0.5930123329162598]
[50/392] C_846__3        vuln=[0.5511958599090576, 0.44880411028862] fixed=[0.5576801300048828, 0.4423198401927948]
[51/392] C_467__0        vuln=[0.7353266477584839, 0.26467329263687134] fixed=[0.6524575352668762, 0.3475424647331238]
[52/392] C_642__0        vuln=[0.6409167647361755, 0.35908326506614685] fixed=[0.6386877298355103, 0.36131229996681213]
[53/392] C_740__0        vuln=[0.5104591846466064, 0.48954081535339355] fixed=[0.5104591846466064, 0.48954081535339355]
[54/392] C_118__0        vuln=[0.5030946731567383, 0.4969053268432617] fixed=[0.49868321418762207, 0.5013168454170227]
[55/392] C_160__1        vuln=[0.6473223567008972, 0.3526776134967804] fixed=[0.5450747609138489, 0.4549252688884735]
[56/392] C_735__0        vuln=[0.4752557575702667, 0.5247442126274109] fixed=[0.4671231508255005, 0.5328768491744995]
[57/392] C_296__0        vuln=[0.5868410468101501, 0.41315898299217224] fixed=[0.586033046245575, 0.41396695375442505]
[58/392] C_1258__0       vuln=[0.680298924446106, 0.3197011351585388] fixed=[0.7297599911689758, 0.2702399790287018]
[59/392] C_340__1        vuln=[0.7030525803565979, 0.2969474792480469] fixed=[0.73072350025177, 0.26927649974823]
[60/392] C_588__3        vuln=[0.4313443899154663, 0.5686556100845337] fixed=[0.4485267996788025, 0.5514732003211975]
[61/392] C_880__0        vuln=[0.6532840728759766, 0.3467159569263458] fixed=[0.6577945351600647, 0.3422054648399353]
[62/392] C_589__0        vuln=[0.3867144286632538, 0.6132856011390686] fixed=[0.4055940508842468, 0.5944058895111084]
[63/392] C_166__0        vuln=[0.5124059319496155, 0.4875940680503845] fixed=[0.5065184235572815, 0.4934816062450409]
[64/392] C_306__0        vuln=[0.39050474762916565, 0.6094952821731567] fixed=[0.4827784299850464, 0.5172215104103088]
[65/392] C_287__0        vuln=[0.5389730334281921, 0.4610268771648407] fixed=[0.5368582606315613, 0.4631417989730835]
[66/392] C_677__0        vuln=[0.589012861251831, 0.41098713874816895] fixed=[0.5775936841964722, 0.42240628600120544]
[67/392] C_588__0        vuln=[0.4500338137149811, 0.5499660968780518] fixed=[0.20362308621406555, 0.7963769435882568]
[68/392] C_588__7        vuln=[0.6147782206535339, 0.3852217495441437] fixed=[0.6022706627845764, 0.39772936701774597]
[69/392] C_425__0        vuln=[0.42614299058914185, 0.5738569498062134] fixed=[0.6582579612731934, 0.34174200892448425]
[70/392] C_679__0        vuln=[0.5497300028800964, 0.45027002692222595] fixed=[0.5458179712295532, 0.4541820287704468]
[71/392] Cpp_804__0      vuln=[0.622596025466919, 0.37740397453308105] fixed=[0.6126006841659546, 0.3873993158340454]
[72/392] C_565__1        vuln=[0.13798895478248596, 0.8620110750198364] fixed=[0.5200637578964233, 0.4799361824989319]
[73/392] C_229__0        vuln=[0.44401270151138306, 0.5559872388839722] fixed=[0.41478726267814636, 0.585212767124176]
[74/392] C_440__0        vuln=[0.4785916209220886, 0.5214083790779114] fixed=[0.3918653130531311, 0.6081347465515137]
[75/392] C_466__2        vuln=[0.5429014563560486, 0.4570986032485962] fixed=[0.41350993514060974, 0.5864900946617126]
[76/392] C_147__0        vuln=[0.5985187292098999, 0.4014812707901001] fixed=[0.591437041759491, 0.40856292843818665]
[77/392] C_390__2        vuln=[0.6644594669342041, 0.3355405330657959] fixed=[0.6855614185333252, 0.3144386410713196]
[78/392] C_628__0        vuln=[0.6292998194694519, 0.37070024013519287] fixed=[0.7362595796585083, 0.2637404203414917]
[79/392] C_408__0        vuln=[0.6161062717437744, 0.3838937282562256] fixed=[0.5073645710945129, 0.49263542890548706]
[80/392] C_1162__0       vuln=[0.6409956812858582, 0.35900431871414185] fixed=[0.6618423461914062, 0.33815768361091614]
[81/392] C_824__0        vuln=[0.4623829424381256, 0.5376170873641968] fixed=[0.5304630994796753, 0.46953684091567993]
[82/392] C_590__0        vuln=[0.36190780997276306, 0.6380921602249146] fixed=[0.3500165343284607, 0.6499835252761841]
[83/392] C_1224__0       vuln=[0.5743067264556885, 0.42569324374198914] fixed=[0.5686530470848083, 0.43134695291519165]
[84/392] C_141__3        vuln=[0.5723918676376343, 0.4276081621646881] fixed=[0.5028762221336365, 0.4971237778663635]
[85/392] C_600__0        vuln=[0.5752288103103638, 0.42477118968963623] fixed=[0.5756153464317322, 0.4243847131729126]
[86/392] C_737__1        vuln=[0.4982467293739319, 0.5017533302307129] fixed=[0.4800712764263153, 0.5199288129806519]
[87/392] C_39__0         vuln=[0.5446032881736755, 0.45539674162864685] fixed=[0.5679153203964233, 0.4320846498012543]
[88/392] C_57__0         vuln=[0.42867565155029297, 0.571324348449707] fixed=[0.4538969099521637, 0.5461030602455139]
[89/392] C_847__0        vuln=[0.6103487610816956, 0.38965117931365967] fixed=[0.7716580033302307, 0.2283419668674469]
[90/392] C_535__0        vuln=[0.563008725643158, 0.43699127435684204] fixed=[0.563008725643158, 0.43699127435684204]
[91/392] C_104__1        vuln=[0.571012556552887, 0.4289874732494354] fixed=[0.6356284618377686, 0.36437153816223145]
[92/392] C_308__0        vuln=[0.7136017680168152, 0.2863982021808624] fixed=[0.7301364541053772, 0.2698635160923004]
[93/392] C_668__0        vuln=[0.611351728439331, 0.38864824175834656] fixed=[0.5715869069099426, 0.428413063287735]
[94/392] C_69__0         vuln=[0.5476483702659607, 0.4523515999317169] fixed=[0.5750302672386169, 0.42496970295906067]
[95/392] C_143__0        vuln=[0.5809518694877625, 0.41904813051223755] fixed=[0.6122262477874756, 0.387773722410202] cand=[0.6497761011123657, 0.35022392868995667] (pilot)
[96/392] C_141__7        vuln=[0.510465681552887, 0.4895343482494354] fixed=[0.4766256511211395, 0.5233743190765381]
[97/392] C_588__4        vuln=[0.3816653788089752, 0.6183345913887024] fixed=[0.23199018836021423, 0.7680098414421082]
[98/392] C_19__0         vuln=[0.6115608215332031, 0.3884391784667969] fixed=[0.5560866594314575, 0.44391342997550964]
[99/392] Cpp_445__0      vuln=[0.6291607618331909, 0.37083926796913147] fixed=[0.7848387956619263, 0.2151612788438797]
[100/392] C_169__0        vuln=[0.5222459435462952, 0.4777540862560272] fixed=[0.48899567127227783, 0.5110043883323669]
[101/392] C_626__0        vuln=[0.4520365595817566, 0.5479634404182434] fixed=[0.4333514869213104, 0.566648542881012]
[102/392] C_70__0         vuln=[0.5929900407791138, 0.40700995922088623] fixed=[0.5943946838378906, 0.405605286359787]
[103/392] C_811__0        vuln=[0.47616660594940186, 0.5238334536552429] fixed=[0.14337904751300812, 0.8566209673881531]
[104/392] C_450__0        vuln=[0.5777636766433716, 0.4222363233566284] fixed=[0.5564714074134827, 0.44352859258651733]
[105/392] C_596__1        vuln=[0.464167058467865, 0.535832941532135] fixed=[0.464813768863678, 0.535186231136322]
[106/392] C_814__0        vuln=[0.42114120721817017, 0.5788588523864746] fixed=[0.3596190810203552, 0.6403809189796448]
[107/392] C_369__0        vuln=[0.5244167447090149, 0.4755832850933075] fixed=[0.5244167447090149, 0.4755832850933075]
[108/392] C_807__0        vuln=[0.6365580558776855, 0.36344197392463684] fixed=[0.6257158517837524, 0.37428420782089233]
[109/392] C_25__1         vuln=[0.3326167166233063, 0.6673833131790161] fixed=[0.37163570523262024, 0.6283642649650574]
[110/392] C_652__0        vuln=[0.5668560862541199, 0.4331439137458801] fixed=[0.5825997591018677, 0.4174002408981323]
[111/392] Cpp_270__0      vuln=[0.6542437076568604, 0.3457563519477844] fixed=[0.6384250521659851, 0.3615749776363373] cand=[0.6523165106773376, 0.3476833999156952] (pilot)
[112/392] C_424__0        vuln=[0.43318971991539, 0.5668103098869324] fixed=[0.6372803449630737, 0.3627196252346039]
[113/392] C_595__0        vuln=[0.6782010793685913, 0.3217988908290863] fixed=[0.5894087553024292, 0.4105912446975708]
[114/392] C_1277__1       vuln=[0.7147248983383179, 0.2852751314640045] fixed=[0.6054176688194275, 0.3945823311805725]
[115/392] C_5__0          vuln=[0.5862768292427063, 0.4137231707572937] fixed=[0.5829339623451233, 0.4170660376548767]
[116/392] C_176__0        vuln=[0.5448651909828186, 0.4551348090171814] fixed=[0.544518232345581, 0.45548176765441895]
[117/392] C_468__1        vuln=[0.5625416040420532, 0.4374583959579468] fixed=[0.572077751159668, 0.42792221903800964]
[118/392] C_1086__2       vuln=[0.5833204984664917, 0.4166794717311859] fixed=[0.6888071298599243, 0.3111928701400757]
[119/392] C_566__0        vuln=[0.446460098028183, 0.5535398721694946] fixed=[0.45950329303741455, 0.5404967665672302]
[120/392] C_390__1        vuln=[0.6644594669342041, 0.3355405330657959] fixed=[0.6855614185333252, 0.3144386410713196]
[121/392] C_661__0        vuln=[0.6622333526611328, 0.3377665877342224] fixed=[0.6526210904121399, 0.3473789095878601]
[122/392] C_738__0        vuln=[0.7257068753242493, 0.2742932140827179] fixed=[0.7149205207824707, 0.2850794494152069]
[123/392] C_464__0        vuln=[0.5111469626426697, 0.48885294795036316] fixed=[0.5152773261070251, 0.4847226142883301]
[124/392] C_569__0        vuln=[0.5814708471298218, 0.41852909326553345] fixed=[0.5901609659194946, 0.40983909368515015]
[125/392] C_384__0        vuln=[0.7205357551574707, 0.2794642150402069] fixed=[0.6662235260009766, 0.3337765038013458]
[126/392] C_717__0        vuln=[0.5843212604522705, 0.4156787097454071] fixed=[0.5990849733352661, 0.4009150564670563]
[127/392] C_365__0        vuln=[0.43487048149108887, 0.5651295185089111] fixed=[0.43487048149108887, 0.5651295185089111]
[128/392] Cpp_13__0       vuln=[0.45806851983070374, 0.5419315099716187] fixed=[0.3797991871833801, 0.6202008128166199]
[129/392] C_33__0         vuln=[0.6742467284202576, 0.32575321197509766] fixed=[0.6825906038284302, 0.31740936636924744]
[130/392] C_500__0        vuln=[0.5697230100631714, 0.4302770495414734] fixed=[0.5692689418792725, 0.4307311177253723]
[131/392] C_82__0         vuln=[0.6256619095802307, 0.3743381202220917] fixed=[0.6080166101455688, 0.3919834494590759]
[132/392] C_869__0        vuln=[0.4048040211200714, 0.5951959490776062] fixed=[0.5192047357559204, 0.480795294046402]
[133/392] C_149__1        vuln=[0.48620402812957764, 0.5137959718704224] fixed=[0.5025626420974731, 0.49743738770484924]
[134/392] C_156__0        vuln=[0.6108234524726868, 0.389176607131958] fixed=[0.6201857328414917, 0.3798142671585083]
[135/392] C_1165__0       vuln=[0.5821322798728943, 0.41786763072013855] fixed=[0.5264691710472107, 0.47353076934814453]
[136/392] C_95__1         vuln=[0.5730981826782227, 0.42690178751945496] fixed=[0.5769152045249939, 0.4230848550796509]
[137/392] Cpp_755__0      vuln=[0.5317460298538208, 0.46825405955314636] fixed=[0.42430877685546875, 0.5756912231445312]
[138/392] C_467__2        vuln=[0.5354965329170227, 0.4645034372806549] fixed=[0.7039013504981995, 0.29609858989715576]
[139/392] C_92__0         vuln=[0.6351078152656555, 0.36489221453666687] fixed=[0.6217020153999329, 0.37829798460006714]
[140/392] C_349__0        vuln=[0.6056721806526184, 0.394327849149704] fixed=[0.5957220196723938, 0.4042779505252838]
[141/392] C_102__0        vuln=[0.564043402671814, 0.43595656752586365] fixed=[0.5529931783676147, 0.4470067620277405]
[142/392] C_1049__0       vuln=[0.6886488795280457, 0.31135115027427673] fixed=[0.6886488795280457, 0.31135115027427673]
[143/392] C_47__1         vuln=[0.4556819498538971, 0.5443180799484253] fixed=[0.46788203716278076, 0.5321179628372192]
[144/392] C_834__0        vuln=[0.6379513144493103, 0.3620486557483673] fixed=[0.8205139636993408, 0.17948606610298157]
[145/392] C_199__2        vuln=[0.6431499719619751, 0.35684993863105774] fixed=[0.643200695514679, 0.35679927468299866]
[146/392] Cpp_270__1      vuln=[0.6752995848655701, 0.32470041513442993] fixed=[0.6720032691955566, 0.32799673080444336]
[147/392] C_414__0        vuln=[0.40976765751838684, 0.5902323722839355] fixed=[0.5306139588356018, 0.4693860709667206]
[148/392] C_727__1        vuln=[0.6956544518470764, 0.3043454587459564] fixed=[0.5497099757194519, 0.4502900242805481]
[149/392] C_1313__1       vuln=[0.692290723323822, 0.3077092468738556] fixed=[0.6960902810096741, 0.30390968918800354]
[150/392] C_1259__0       vuln=[0.7088215351104736, 0.29117849469184875] fixed=[0.6433939933776855, 0.35660606622695923]
[151/392] C_99__0         vuln=[0.5614904165267944, 0.4385095536708832] fixed=[0.5596054196357727, 0.4403945505619049]
[152/392] C_623__0        vuln=[0.6808708310127258, 0.31912916898727417] fixed=[0.6721044182777405, 0.32789552211761475] cand=[0.5063158869743347, 0.4936841130256653] (pilot)
[153/392] C_439__1        vuln=[0.5741159319877625, 0.42588409781455994] fixed=[0.557051420211792, 0.4429485499858856]
[154/392] C_312__0        vuln=[0.3983657956123352, 0.6016342639923096] fixed=[0.5785735249519348, 0.4214264750480652]
[155/392] C_116__0        vuln=[0.5787425637245178, 0.4212574064731598] fixed=[0.5911380052566528, 0.40886202454566956]
[156/392] C_714__0        vuln=[0.5085341930389404, 0.4914657771587372] fixed=[0.5085341930389404, 0.4914657771587372]
[157/392] C_1334__0       vuln=[0.6042811274528503, 0.39571884274482727] fixed=[0.6042811274528503, 0.39571884274482727]
[158/392] C_728__0        vuln=[0.6742680668830872, 0.32573193311691284] fixed=[0.6498243808746338, 0.35017552971839905]
[159/392] C_1158__0       vuln=[0.6250824928283691, 0.37491747736930847] fixed=[0.6314275860786438, 0.3685724139213562]
[160/392] C_114__0        vuln=[0.5815466642379761, 0.4184533655643463] fixed=[0.635911226272583, 0.3640887439250946]
[161/392] C_1273__0       vuln=[0.568181037902832, 0.4318189322948456] fixed=[0.5591897368431091, 0.4408102035522461]
[162/392] C_254__0        vuln=[0.6663109064102173, 0.3336890935897827] fixed=[0.6628298759460449, 0.3371701240539551]
[163/392] C_1160__0       vuln=[0.6803621649742126, 0.31963786482810974] fixed=[0.6678623557090759, 0.33213770389556885]
[164/392] C_339__1        vuln=[0.6044029593467712, 0.39559701085090637] fixed=[0.6198675036430359, 0.3801324963569641]
[165/392] C_1303__0       vuln=[0.6742231845855713, 0.3257768154144287] fixed=[0.6915542483329773, 0.3084458112716675]
[166/392] C_335__0        vuln=[0.5418887734413147, 0.4581112265586853] fixed=[0.6413246393203735, 0.35867545008659363]
[167/392] C_601__0        vuln=[0.48875516653060913, 0.5112447738647461] fixed=[0.4674607217311859, 0.5325392484664917]
[168/392] C_1340__0       vuln=[0.7072460055351257, 0.2927539646625519] fixed=[0.6598409414291382, 0.3401590585708618]
[169/392] C_666__0        vuln=[0.58989417552948, 0.41010579466819763] fixed=[0.5805222988128662, 0.4194777309894562]
[170/392] C_368__0        vuln=[0.6127447485923767, 0.3872552812099457] fixed=[0.6066897511482239, 0.3933102786540985]
[171/392] C_141__1        vuln=[0.5202069878578186, 0.4797930419445038] fixed=[0.47922831773757935, 0.5207716822624207]
[172/392] C_238__0        vuln=[0.7283411622047424, 0.27165886759757996] fixed=[0.6593771576881409, 0.34062284231185913]
[173/392] C_217__1        vuln=[0.5499778985977173, 0.4500220715999603] fixed=[0.6811846494674683, 0.31881535053253174]
[174/392] C_1086__3       vuln=[0.7539041042327881, 0.24609585106372833] fixed=[0.668852686882019, 0.33114731311798096]
[175/392] C_664__0        vuln=[0.4969812035560608, 0.5030187964439392] fixed=[0.5004981160163879, 0.49950191378593445]
[176/392] C_137__3        vuln=[0.5606077313423157, 0.43939220905303955] fixed=[0.5517287254333496, 0.448271244764328]
[177/392] C_167__0        vuln=[0.40632155537605286, 0.5936784148216248] fixed=[0.4963282644748688, 0.5036717057228088]
[178/392] C_66__0         vuln=[0.6156132817268372, 0.38438671827316284] fixed=[0.5575042963027954, 0.4424956738948822]
[179/392] C_897__0        vuln=[0.3562333881855011, 0.6437666416168213] fixed=[0.34054920077323914, 0.6594508290290833]
[180/392] C_433__0        vuln=[0.3780636787414551, 0.6219363808631897] fixed=[0.37432846426963806, 0.6256715059280396]
[181/392] C_893__1        vuln=[0.3937279284000397, 0.6062721014022827] fixed=[0.3845052123069763, 0.6154947876930237]
[182/392] C_627__0        vuln=[0.4435224235057831, 0.5564776062965393] fixed=[0.45048052072525024, 0.5495194792747498]
[183/392] C_1086__0       vuln=[0.7006258964538574, 0.2993740737438202] fixed=[0.714671790599823, 0.285328209400177]
[184/392] C_1259__1       vuln=[0.7088215351104736, 0.29117849469184875] fixed=[0.7088215351104736, 0.29117849469184875]
[185/392] C_617__0        vuln=[0.506880521774292, 0.493119478225708] fixed=[0.3852211534976959, 0.6147788166999817]
[186/392] C_836__0        vuln=[0.6108234524726868, 0.389176607131958] fixed=[0.6201857328414917, 0.3798142671585083]
[187/392] C_1198__0       vuln=[0.6559342741966248, 0.3440658152103424] fixed=[0.67713463306427, 0.32286536693573]
[188/392] C_788__0        vuln=[0.48087093234062195, 0.5191290378570557] fixed=[0.480795294046402, 0.5192047357559204]
[189/392] C_830__0        vuln=[0.5364792943000793, 0.46352073550224304] fixed=[0.5463179349899292, 0.4536820352077484]
[190/392] Cpp_377__0      vuln=[0.6424933075904846, 0.357506662607193] fixed=[0.6429645419120789, 0.35703548789024353] cand=[0.5785037279129028, 0.4214962422847748] (pilot)
[191/392] C_1236__0       vuln=[0.7135621309280396, 0.28643789887428284] fixed=[0.717593789100647, 0.282406210899353]
[192/392] C_605__0        vuln=[0.5481195449829102, 0.45188039541244507] fixed=[0.5481195449829102, 0.45188039541244507]
[193/392] C_168__1        vuln=[0.4868514835834503, 0.5131484866142273] fixed=[0.4872310161590576, 0.5127689838409424]
[194/392] C_112__0        vuln=[0.595829963684082, 0.40417006611824036] fixed=[0.6010368466377258, 0.39896318316459656]
[195/392] Cpp_492__0      vuln=[0.42156121134757996, 0.5784388184547424] fixed=[0.4512117803096771, 0.5487881898880005]
[196/392] C_385__0        vuln=[0.5829423069953918, 0.41705769300460815] fixed=[0.5829423069953918, 0.41705769300460815] cand=[0.639586329460144, 0.36041364073753357] (pilot)
[197/392] C_1151__0       vuln=[0.5514021515846252, 0.44859778881073] fixed=[0.6138830780982971, 0.3861169219017029]
[198/392] C_199__0        vuln=[0.7958429455757141, 0.20415709912776947] fixed=[0.7843132019042969, 0.21568681299686432] cand=[0.6441758871078491, 0.3558240830898285] (pilot)
[199/392] C_643__0        vuln=[0.7220929861068726, 0.27790698409080505] fixed=[0.7145090699195862, 0.2854909598827362]
[200/392] C_246__0        vuln=[0.6170370578765869, 0.3829629421234131] fixed=[0.4980224072933197, 0.5019775629043579]
[201/392] C_355__0        vuln=[0.6076022982597351, 0.3923976719379425] fixed=[0.5982881188392639, 0.4017118811607361]
[202/392] C_18__0         vuln=[0.47846555709838867, 0.5215344429016113] fixed=[0.4849452078342438, 0.5150547623634338]
[203/392] C_264__0        vuln=[0.5961250066757202, 0.4038749933242798] fixed=[0.5467004179954529, 0.4532996714115143]
[204/392] C_1231__0       vuln=[0.6453425288200378, 0.35465747117996216] fixed=[0.6513985991477966, 0.34860140085220337]
[205/392] C_315__0        vuln=[0.5833480358123779, 0.41665196418762207] fixed=[0.5833480358123779, 0.41665196418762207]
[206/392] C_835__0        vuln=[0.41980770230293274, 0.5801922678947449] fixed=[0.3090939223766327, 0.6909061074256897]
[207/392] C_249__1        vuln=[0.5896210074424744, 0.410379022359848] fixed=[0.38686683773994446, 0.6131331920623779]
[208/392] C_568__0        vuln=[0.5275323390960693, 0.4724676311016083] fixed=[0.5275323390960693, 0.4724676311016083]
[209/392] C_674__0        vuln=[0.5645316243171692, 0.4354683458805084] fixed=[0.5613843202590942, 0.43861570954322815]
[210/392] C_250__1        vuln=[0.5779107213020325, 0.4220893085002899] fixed=[0.595964252948761, 0.404035747051239]
[211/392] C_337__0        vuln=[0.5979243516921997, 0.40207573771476746] fixed=[0.5793992280960083, 0.4206007719039917]
[212/392] Cpp_478__0      vuln=[0.3952353298664093, 0.6047646403312683] fixed=[0.3733205795288086, 0.6266794204711914]
[213/392] C_889__0        vuln=[0.6353060603141785, 0.36469388008117676] fixed=[0.6353060603141785, 0.36469388008117676]
[214/392] C_582__0        vuln=[0.655950129032135, 0.3440498411655426] fixed=[0.6643800735473633, 0.33561989665031433]
[215/392] C_28__0         vuln=[0.6165887713432312, 0.38341113924980164] fixed=[0.6277500987052917, 0.372249960899353]
[216/392] C_888__0        vuln=[0.3044097125530243, 0.6955901980400085] fixed=[0.4801861047744751, 0.5198138356208801]
[217/392] C_878__0        vuln=[0.5791677832603455, 0.42083218693733215] fixed=[0.5098916888237, 0.49010831117630005]
[218/392] C_713__0        vuln=[0.677298367023468, 0.3227016031742096] fixed=[0.6958175301551819, 0.3041824698448181]
[219/392] C_3__0          vuln=[0.5266110897064209, 0.4733888804912567] fixed=[0.5266110897064209, 0.4733888804912567]
[220/392] C_68__1         vuln=[0.503517210483551, 0.49648281931877136] fixed=[0.49424484372138977, 0.5057551860809326]
[221/392] C_137__0        vuln=[0.4765009880065918, 0.5234990119934082] fixed=[0.5204377174377441, 0.47956225275993347]
[222/392] C_96__0         vuln=[0.46645817160606384, 0.5335417985916138] fixed=[0.5246894955635071, 0.4753105342388153]
[223/392] C_120__0        vuln=[0.5590351819992065, 0.44096481800079346] fixed=[0.5627890825271606, 0.43721094727516174]
[224/392] Cpp_711__0      vuln=[0.7292708158493042, 0.2707292437553406] fixed=[0.715688943862915, 0.28431108593940735]
[225/392] C_137__2        vuln=[0.5326871275901794, 0.4673128128051758] fixed=[0.5304360389709473, 0.4695639908313751]
[226/392] C_580__0        vuln=[0.4617665410041809, 0.5382333993911743] fixed=[0.5441524386405945, 0.4558475911617279]
[227/392] C_102__1        vuln=[0.564043402671814, 0.43595656752586365] fixed=[0.5529931783676147, 0.4470067620277405]
[228/392] C_752__0        vuln=[0.5304110050201416, 0.4695889949798584] fixed=[0.5314505100250244, 0.468549519777298]
[229/392] C_340__2        vuln=[0.6956146359443665, 0.30438539385795593] fixed=[0.7464128732681274, 0.25358712673187256]
[230/392] C_4__0          vuln=[0.7428447008132935, 0.25715532898902893] fixed=[0.7591797709465027, 0.24082016944885254]
[231/392] C_181__0        vuln=[0.7642923593521118, 0.235707625746727] fixed=[0.741908848285675, 0.25809118151664734]
[232/392] C_27__0         vuln=[0.6353381872177124, 0.3646618127822876] fixed=[0.6353381872177124, 0.3646618127822876]
[233/392] C_461__0        vuln=[0.665280818939209, 0.3347192108631134] fixed=[0.6367213726043701, 0.36327865719795227]
[234/392] C_1114__0       vuln=[0.7526196837425232, 0.2473803013563156] fixed=[0.7870144248008728, 0.2129855901002884]
[235/392] C_62__0         vuln=[0.6651341319084167, 0.33486589789390564] fixed=[0.6542959809303284, 0.3457041084766388]
[236/392] C_277__0        vuln=[0.5386586785316467, 0.46134132146835327] fixed=[0.5675464868545532, 0.4324534833431244]
[237/392] C_424__1        vuln=[0.43318971991539, 0.5668103098869324] fixed=[0.6372803449630737, 0.3627196252346039]
[238/392] C_76__0         vuln=[0.6594642996788025, 0.3405357301235199] fixed=[0.6516152620315552, 0.3483847975730896]
[239/392] C_700__1        vuln=[0.6241743564605713, 0.3758256435394287] fixed=[0.6117516756057739, 0.38824835419654846]
[240/392] C_73__0         vuln=[0.6470971703529358, 0.3529028296470642] fixed=[0.5980284810066223, 0.4019715189933777]
[241/392] C_701__0        vuln=[0.6559199094772339, 0.3440801501274109] fixed=[0.6504527926445007, 0.34954720735549927]
[242/392] C_494__0        vuln=[0.617460310459137, 0.3825397491455078] fixed=[0.602095365524292, 0.3979046642780304]
[243/392] C_718__0        vuln=[0.5534389019012451, 0.4465610980987549] fixed=[0.5534389019012451, 0.4465610980987549]
[244/392] C_526__0        vuln=[0.5275323390960693, 0.4724676311016083] fixed=[0.5275323390960693, 0.4724676311016083]
[245/392] C_165__1        vuln=[0.45757153630256653, 0.5424284338951111] fixed=[0.4523811638355255, 0.5476188063621521]
[246/392] C_783__0        vuln=[0.508972704410553, 0.4910273551940918] fixed=[0.508972704410553, 0.4910273551940918]
[247/392] C_51__0         vuln=[0.6726183891296387, 0.32738158106803894] fixed=[0.6573556065559387, 0.3426443934440613]
[248/392] C_106__0        vuln=[0.6699468493461609, 0.3300531208515167] fixed=[0.6655845046043396, 0.3344154357910156]
[249/392] C_859__1        vuln=[0.5908993482589722, 0.40910065174102783] fixed=[0.6213894486427307, 0.3786105215549469]
[250/392] C_69__1         vuln=[0.5742860436439514, 0.42571398615837097] fixed=[0.6832997798919678, 0.31670013070106506]
[251/392] C_1172__0       vuln=[0.5821322798728943, 0.41786763072013855] fixed=[0.5264691710472107, 0.47353076934814453]
[252/392] C_237__0        vuln=[0.4761746823787689, 0.5238252878189087] fixed=[0.48131343722343445, 0.5186865329742432]
[253/392] C_1079__0       vuln=[0.5837410688400269, 0.41625890135765076] fixed=[0.5940144658088684, 0.405985563993454]
[254/392] C_167__1        vuln=[0.40632155537605286, 0.5936784148216248] fixed=[0.4963282644748688, 0.5036717057228088]
[255/392] C_886__1        vuln=[0.621192216873169, 0.37880781292915344] fixed=[0.5996246337890625, 0.4003754258155823]
[256/392] C_411__0        vuln=[0.38704726099967957, 0.612952709197998] fixed=[0.5155360102653503, 0.48446395993232727]
[257/392] C_473__0        vuln=[0.532275915145874, 0.4677240252494812] fixed=[0.4979972541332245, 0.5020027160644531]
[258/392] C_424__4        vuln=[0.43318971991539, 0.5668103098869324] fixed=[0.6372803449630737, 0.3627196252346039]
[259/392] C_6__0          vuln=[0.5796627998352051, 0.42033711075782776] fixed=[0.5796627998352051, 0.42033711075782776]
[260/392] C_616__0        vuln=[0.32435664534568787, 0.6756433248519897] fixed=[0.5784065127372742, 0.42159345746040344]
[261/392] C_1323__0       vuln=[0.7752878069877625, 0.22471217811107635] fixed=[0.764848530292511, 0.2351514995098114]
[262/392] C_484__0        vuln=[0.7570541501045227, 0.24294590950012207] fixed=[0.7233559489250183, 0.2766440212726593]
[263/392] C_857__0        vuln=[0.42673513293266296, 0.5732647776603699] fixed=[0.6398097276687622, 0.3601902723312378]
[264/392] C_289__0        vuln=[0.5739258527755737, 0.42607417702674866] fixed=[0.5697221159934998, 0.430277943611145]
[265/392] C_250__0        vuln=[0.5779107213020325, 0.4220893085002899] fixed=[0.595964252948761, 0.404035747051239]
[266/392] C_169__1        vuln=[0.45933404564857483, 0.5406659841537476] fixed=[0.4303482472896576, 0.56965172290802]
[267/392] C_249__0        vuln=[0.6469281315803528, 0.35307183861732483] fixed=[0.5985915660858154, 0.40140843391418457]
[268/392] C_168__0        vuln=[0.4635144770145416, 0.5364855527877808] fixed=[0.46611469984054565, 0.5338852405548096]
[269/392] C_627__1        vuln=[0.4435224235057831, 0.5564776062965393] fixed=[0.45048052072525024, 0.5495194792747498]
[270/392] C_293__0        vuln=[0.677862823009491, 0.3221372067928314] fixed=[0.6882203817367554, 0.3117796778678894]
[271/392] C_647__1        vuln=[0.5824071168899536, 0.4175929129123688] fixed=[0.5414949655532837, 0.4585050046443939]
[272/392] C_463__0        vuln=[0.7066218852996826, 0.29337814450263977] fixed=[0.6566137075424194, 0.3433862626552582]
[273/392] C_1115__0       vuln=[0.8761380314826965, 0.12386194616556168] fixed=[0.8725085854530334, 0.12749145925045013]
[274/392] C_675__0        vuln=[0.5058809518814087, 0.4941190183162689] fixed=[0.5058809518814087, 0.4941190183162689]
[275/392] C_358__0        vuln=[0.6155280470848083, 0.38447198271751404] fixed=[0.6216248869895935, 0.3783751130104065]
[276/392] C_795__0        vuln=[0.6318536996841431, 0.36814627051353455] fixed=[0.441201776266098, 0.5587982535362244]
[277/392] C_609__0        vuln=[0.7361781001091003, 0.26382192969322205] fixed=[0.7390884160995483, 0.26091158390045166]
[278/392] C_1313__0       vuln=[0.705176591873169, 0.29482340812683105] fixed=[0.6887528896331787, 0.3112470507621765]
[279/392] C_705__0        vuln=[0.5147973895072937, 0.4852026402950287] fixed=[0.3406549394130707, 0.6593450307846069]
[280/392] C_809__0        vuln=[0.4038087725639343, 0.5961912274360657] fixed=[0.359918475151062, 0.640081524848938]
[281/392] C_481__0        vuln=[0.46524158120155334, 0.534758448600769] fixed=[0.4751581847667694, 0.524841845035553] cand=[0.3893187940120697, 0.6106812357902527] (pilot)
[282/392] C_467__1        vuln=[0.7161938548088074, 0.2838062047958374] fixed=[0.6473227739334106, 0.3526771664619446] cand=[0.6039273738861084, 0.3960726261138916] (pilot)
[283/392] C_831__0        vuln=[0.5322355628013611, 0.4677644968032837] fixed=[0.5236237049102783, 0.4763762950897217]
[284/392] C_1258__1       vuln=[0.680298924446106, 0.3197011351585388] fixed=[0.6977455019950867, 0.3022545278072357]
[285/392] C_583__1        vuln=[0.5490992665290833, 0.45090073347091675] fixed=[0.5993924140930176, 0.4006075859069824]
[286/392] C_708__1        vuln=[0.6127126812934875, 0.38728728890419006] fixed=[0.6127126812934875, 0.38728728890419006]
[287/392] C_1088__0       vuln=[0.7767696380615234, 0.22323037683963776] fixed=[0.8346402049064636, 0.16535983979701996]
[288/392] Cpp_478__1      vuln=[0.4638793468475342, 0.536120593547821] fixed=[0.41590261459350586, 0.5840973854064941] cand=[0.43424731492996216, 0.5657526850700378] (pilot)
[289/392] C_829__0        vuln=[0.44325152039527893, 0.5567485094070435] fixed=[0.4421705901622772, 0.5578293800354004]
[290/392] C_432__0        vuln=[0.5461599826812744, 0.4538399577140808] fixed=[0.5631651282310486, 0.4368349015712738]
[291/392] Cpp_691__0      vuln=[0.5378273129463196, 0.4621727168560028] fixed=[0.5769465565681458, 0.42305341362953186]
[292/392] C_228__0        vuln=[0.44401270151138306, 0.5559872388839722] fixed=[0.41478726267814636, 0.585212767124176]
[293/392] C_693__0        vuln=[0.651523768901825, 0.34847620129585266] fixed=[0.651523768901825, 0.34847620129585266]
[294/392] C_261__0        vuln=[0.4580570161342621, 0.5419430136680603] fixed=[0.47050249576568604, 0.5294974446296692]
[295/392] C_356__0        vuln=[0.41337722539901733, 0.5866227746009827] fixed=[0.37474143505096436, 0.6252585649490356]
[296/392] C_208__0        vuln=[0.5496289730072021, 0.45037105679512024] fixed=[0.5483361482620239, 0.4516637921333313]
[297/392] C_81__0         vuln=[0.6274659037590027, 0.3725340962409973] fixed=[0.629422664642334, 0.3705773651599884]
[298/392] C_4__1          vuln=[0.7520015835762024, 0.2479984313249588] fixed=[0.7501294612884521, 0.24987050890922546]
[299/392] C_31__0         vuln=[0.5636059045791626, 0.4363940954208374] fixed=[0.5585074424743652, 0.44149255752563477]
[300/392] C_524__0        vuln=[0.5793257355690002, 0.420674204826355] fixed=[0.5811689496040344, 0.4188310205936432]
[301/392] C_8__0          vuln=[0.5512095093727112, 0.4487904906272888] fixed=[0.5512095093727112, 0.4487904906272888]
[302/392] C_522__0        vuln=[0.5691037178039551, 0.4308963119983673] fixed=[0.5547914505004883, 0.44520848989486694]
[303/392] C_220__0        vuln=[0.5879826545715332, 0.4120173454284668] fixed=[0.5990213751792908, 0.40097862482070923]
[304/392] C_149__0        vuln=[0.5049204230308533, 0.49507954716682434] fixed=[0.49608761072158813, 0.5039124488830566]
[305/392] C_591__0        vuln=[0.7155484557151794, 0.28445157408714294] fixed=[0.6064528226852417, 0.3935471475124359] cand=[0.5719603300094604, 0.4280396103858948] (pilot)
[306/392] C_424__2        vuln=[0.43318971991539, 0.5668103098869324] fixed=[0.6372803449630737, 0.3627196252346039]
[307/392] C_96__1         vuln=[0.46645817160606384, 0.5335417985916138] fixed=[0.5246894955635071, 0.4753105342388153]
[308/392] C_137__1        vuln=[0.5339332222938538, 0.46606674790382385] fixed=[0.5342190265655518, 0.46578097343444824]
[309/392] C_184__1        vuln=[0.5589743256568909, 0.44102564454078674] fixed=[0.570785641670227, 0.4292144179344177]
[310/392] C_726__0        vuln=[0.6649537682533264, 0.3350462317466736] fixed=[0.6649537682533264, 0.3350462317466736]
[311/392] C_78__0         vuln=[0.4602762758731842, 0.5397236943244934] fixed=[0.4585227370262146, 0.5414773225784302]
[312/392] C_898__0        vuln=[0.5445358157157898, 0.4554641842842102] fixed=[0.5403071045875549, 0.45969289541244507]
[313/392] C_844__0        vuln=[0.6292890310287476, 0.37071096897125244] fixed=[0.638575553894043, 0.3614245057106018]
[314/392] C_833__0        vuln=[0.5931493639945984, 0.4068506062030792] fixed=[0.8205139636993408, 0.17948606610298157]
[315/392] C_389__0        vuln=[0.5051560401916504, 0.4948439598083496] fixed=[0.44592615962028503, 0.5540738105773926]
[316/392] C_307__0        vuln=[0.5862711668014526, 0.41372889280319214] fixed=[0.6200465559959412, 0.37995344400405884]
[317/392] C_802__0        vuln=[0.5811689496040344, 0.4188310205936432] fixed=[0.5801966786384583, 0.41980335116386414]
[318/392] C_630__0        vuln=[0.6778534650802612, 0.32214656472206116] fixed=[0.6661549210548401, 0.3338450491428375]
[319/392] C_371__0        vuln=[0.6513078808784485, 0.3486920893192291] fixed=[0.6354513168334961, 0.3645487427711487]
[320/392] C_739__0        vuln=[0.58289635181427, 0.41710364818573] fixed=[0.5834537744522095, 0.4165462255477905]
[321/392] C_300__1        vuln=[0.5352797508239746, 0.4647202789783478] fixed=[0.4324313998222351, 0.5675686001777649]
[322/392] C_276__0        vuln=[0.568834125995636, 0.4311658442020416] fixed=[0.5692844390869141, 0.43071553111076355]
[323/392] C_141__0        vuln=[0.6108075976371765, 0.3891924023628235] fixed=[0.5527582764625549, 0.44724175333976746]
[324/392] C_820__1        vuln=[0.5543122291564941, 0.4456877112388611] fixed=[0.5459928512573242, 0.4540071487426758]
[325/392] C_866__0        vuln=[0.5551972389221191, 0.44480279088020325] fixed=[0.5563048720359802, 0.44369515776634216]
[326/392] C_893__0        vuln=[0.5252244472503662, 0.4747755229473114] fixed=[0.4474274814128876, 0.5525725483894348]
[327/392] C_775__0        vuln=[0.41069522500038147, 0.5893047451972961] fixed=[0.4400978684425354, 0.5599021315574646]
[328/392] C_667__0        vuln=[0.6633864641189575, 0.3366135358810425] fixed=[0.6719322800636292, 0.32806769013404846]
[329/392] C_651__0        vuln=[0.3514881432056427, 0.6485119462013245] fixed=[0.6848862767219543, 0.31511375308036804] cand=[0.4110870957374573, 0.5889129638671875] (pilot)
[330/392] C_1127__0       vuln=[0.5621193051338196, 0.43788066506385803] fixed=[0.5668278932571411, 0.43317219614982605]
[331/392] C_497__0        vuln=[0.7493235468864441, 0.2506764829158783] fixed=[0.6385876536369324, 0.3614123463630676]
[332/392] C_123__1        vuln=[0.6849350929260254, 0.3150649070739746] fixed=[0.641247570514679, 0.3587525188922882]
[333/392] C_565__0        vuln=[0.43737080693244934, 0.5626291632652283] fixed=[0.5152527689933777, 0.4847472012042999]
[334/392] C_624__0        vuln=[0.6208323240280151, 0.37916773557662964] fixed=[0.6651653051376343, 0.33483466506004333]
[335/392] C_384__1        vuln=[0.4930288791656494, 0.5069711208343506] fixed=[0.5084507465362549, 0.49154919385910034]
[336/392] C_647__0        vuln=[0.5824071168899536, 0.4175929129123688] fixed=[0.5414949655532837, 0.4585050046443939]
[337/392] C_468__0        vuln=[0.5968909859657288, 0.40310898423194885] fixed=[0.572077751159668, 0.42792221903800964]
[338/392] C_1182__0       vuln=[0.6247209310531616, 0.375279039144516] fixed=[0.6295424699783325, 0.3704575300216675]
[339/392] C_739__1        vuln=[0.58289635181427, 0.41710364818573] fixed=[0.5834537744522095, 0.4165462255477905]
[340/392] C_157__0        vuln=[0.68728107213974, 0.31271892786026] fixed=[0.6575704216957092, 0.34242957830429077]
[341/392] C_1331__0       vuln=[0.8022767305374146, 0.19772326946258545] fixed=[0.8041899800300598, 0.1958099752664566]
[342/392] C_597__0        vuln=[0.4815937578678131, 0.5184062123298645] fixed=[0.5746626853942871, 0.4253373146057129]
[343/392] C_1146__0       vuln=[0.5682603120803833, 0.4317396283149719] fixed=[0.5682603120803833, 0.4317396283149719]
[344/392] C_15__0         vuln=[0.5419597029685974, 0.45804038643836975] fixed=[0.5482308268547058, 0.4517692029476166]
[345/392] C_46__0         vuln=[0.6384355425834656, 0.36156439781188965] fixed=[0.6333056092262268, 0.3666943609714508]
[346/392] C_141__5        vuln=[0.5723918676376343, 0.4276081621646881] fixed=[0.5028762221336365, 0.4971237778663635]
[347/392] C_695__0        vuln=[0.5265136361122131, 0.4734863340854645] fixed=[0.5379279255867004, 0.4620721638202667]
[348/392] C_95__0         vuln=[0.5730981826782227, 0.42690178751945496] fixed=[0.5769152045249939, 0.4230848550796509]
[349/392] C_43__0         vuln=[0.519527018070221, 0.48047304153442383] fixed=[0.5139005780220032, 0.4860994219779968]
[350/392] C_304__0        vuln=[0.5829220414161682, 0.41707804799079895] fixed=[0.5170713663101196, 0.482928603887558]
[351/392] C_366__1        vuln=[0.32551711797714233, 0.6744828820228577] fixed=[0.47314906120300293, 0.5268509387969971]
[352/392] C_55__0         vuln=[0.6089835166931152, 0.39101648330688477] fixed=[0.5990005731582642, 0.4009994566440582]
[353/392] C_1164__1       vuln=[0.7309305667877197, 0.2690693736076355] fixed=[0.6069585680961609, 0.3930414021015167]
[354/392] C_463__1        vuln=[0.5701636672019958, 0.42983633279800415] fixed=[0.6566137075424194, 0.3433862626552582]
[355/392] C_827__0        vuln=[0.5676879286766052, 0.43231201171875] fixed=[0.5850039720535278, 0.41499605774879456]
[356/392] C_1292__0       vuln=[0.7389186024665833, 0.26108139753341675] fixed=[0.7389186024665833, 0.26108139753341675]
[357/392] C_1138__0       vuln=[0.7077370285987854, 0.292263001203537] fixed=[0.7978543043136597, 0.2021457701921463]
[358/392] C_339__0        vuln=[0.5793156623840332, 0.4206843972206116] fixed=[0.5994219183921814, 0.4005780518054962]
[359/392] C_1126__0       vuln=[0.6906209588050842, 0.30937907099723816] fixed=[0.7085620760917664, 0.29143795371055603]
[360/392] C_303__0        vuln=[0.6511579751968384, 0.3488420248031616] fixed=[0.6811914443969727, 0.31880858540534973]
[361/392] C_648__0        vuln=[0.56391841173172, 0.43608158826828003] fixed=[0.5551358461380005, 0.4448641836643219]
[362/392] C_123__0        vuln=[0.6636224389076233, 0.3363775312900543] fixed=[0.655267596244812, 0.344732403755188]
[363/392] C_491__0        vuln=[0.5417683720588684, 0.45823168754577637] fixed=[0.5553185939788818, 0.44468140602111816]
[364/392] C_314__0        vuln=[0.6612573862075806, 0.3387426733970642] fixed=[0.7122248411178589, 0.2877751290798187] cand=[0.6600905060768127, 0.33990949392318726] (pilot)
[365/392] C_395__0        vuln=[0.6061297655105591, 0.3938702344894409] fixed=[0.6092063188552856, 0.3907936215400696]
[366/392] C_26__0         vuln=[0.5657892227172852, 0.4342108368873596] fixed=[0.5586808323860168, 0.44131916761398315]
[367/392] C_74__0         vuln=[0.6715829968452454, 0.328417032957077] fixed=[0.6273891925811768, 0.37261083722114563]
[368/392] C_108__0        vuln=[0.5667742490768433, 0.4332257807254791] fixed=[0.5556000471115112, 0.44439998269081116]
[369/392] C_171__0        vuln=[0.6596043705940247, 0.34039562940597534] fixed=[0.6892671585083008, 0.3107328414916992]
[370/392] C_773__0        vuln=[0.5758100152015686, 0.4241899251937866] fixed=[0.6012506484985352, 0.3987494111061096]
[371/392] C_769__0        vuln=[0.6300879716873169, 0.3699119985103607] fixed=[0.6189014911651611, 0.38109853863716125]
[372/392] C_30__0         vuln=[0.5335824489593506, 0.46641749143600464] fixed=[0.4805966913700104, 0.5194032788276672]
[373/392] C_618__0        vuln=[0.7254588603973389, 0.27454113960266113] fixed=[0.737386167049408, 0.26261386275291443]
[374/392] C_150__0        vuln=[0.6209394335746765, 0.3790605664253235] fixed=[0.6075136065483093, 0.3924863934516907]
[375/392] C_103__0        vuln=[0.5439529418945312, 0.45604708790779114] fixed=[0.5105956196784973, 0.4894044101238251]
[376/392] C_884__2        vuln=[0.6866702437400818, 0.3133297562599182] fixed=[0.6958175301551819, 0.3041824698448181]
[377/392] C_750__0        vuln=[0.3432808816432953, 0.6567190885543823] fixed=[0.47954538464546204, 0.5204545855522156]
[378/392] C_193__0        vuln=[0.6448320150375366, 0.3551679849624634] fixed=[0.6415136456489563, 0.3584864139556885]
[379/392] C_141__6        vuln=[0.6532225608825684, 0.34677746891975403] fixed=[0.3416396677494049, 0.6583603620529175]
[380/392] C_292__1        vuln=[0.4809572100639343, 0.5190427303314209] fixed=[0.46333274245262146, 0.5366672277450562]
[381/392] C_7__0          vuln=[0.6124372482299805, 0.38756275177001953] fixed=[0.5884011387825012, 0.411598801612854]
[382/392] C_94__0         vuln=[0.6910213232040405, 0.3089786767959595] fixed=[0.7010110020637512, 0.29898902773857117]
[383/392] C_265__0        vuln=[0.6775145530700684, 0.32248541712760925] fixed=[0.625542163848877, 0.37445783615112305]
[384/392] C_872__0        vuln=[0.6147083044052124, 0.3852916657924652] fixed=[0.5659412741661072, 0.4340587258338928]
[385/392] C_23__0         vuln=[0.41116636991500854, 0.5888336300849915] fixed=[0.5656296014785767, 0.4343704283237457]
[386/392] C_564__1        vuln=[0.5433800220489502, 0.4566199481487274] fixed=[0.48506441712379456, 0.5149356126785278]
[387/392] C_48__0         vuln=[0.5705080032348633, 0.42949193716049194] fixed=[0.5495023131370544, 0.45049771666526794]
[388/392] C_140__0        vuln=[0.5210219621658325, 0.4789780378341675] fixed=[0.5210219621658325, 0.4789780378341675]
[389/392] C_327__0        vuln=[0.6062354445457458, 0.39376455545425415] fixed=[0.5557874441146851, 0.44421252608299255]
[390/392] C_236__0        vuln=[0.6616551280021667, 0.33834487199783325] fixed=[0.6793014407157898, 0.3206985592842102]
[391/392] C_1053__1       vuln=[0.780016303062439, 0.21998371183872223] fixed=[0.6058162450790405, 0.39418378472328186]
[392/392] C_1061__0       vuln=[0.7710930109024048, 0.2289070039987564] fixed=[0.8072953820228577, 0.19270460307598114]

[label0 as 'vulnerable' score] P(label0)[vuln_snippet] > P(label0)[fixed_snippet]: 189/392 (48.2%), ties=30

[label1 as 'vulnerable' score] P(label1)[vuln_snippet] > P(label1)[fixed_snippet]: 173/392 (44.1%), ties=30

candidates available for 14/392 sampled cases (from prior pilot/ablation runs)
