judge prompt sha : b7f3b3ae1a5c  (consensus rubric)
cases with candidates: 392
cases to judge  : 392

[25/392] correct 2/11 decided (18.2%), tied 14
[50/392] correct 8/25 decided (32.0%), tied 25
[55/392] C_1313__0: FAILED oversize_prompt: fewer than 2 samples fit
[75/392] correct 15/39 decided (38.5%), tied 35
[100/392] correct 26/57 decided (45.6%), tied 42
[125/392] correct 31/67 decided (46.3%), tied 57
[150/392] correct 40/80 decided (50.0%), tied 69
[175/392] correct 48/93 decided (51.6%), tied 81
[200/392] correct 52/104 decided (50.0%), tied 95
[225/392] correct 57/118 decided (48.3%), tied 106
[250/392] correct 63/126 decided (50.0%), tied 123
[275/392] correct 68/136 decided (50.0%), tied 138
[300/392] correct 74/147 decided (50.3%), tied 152
[325/392] correct 77/152 decided (50.7%), tied 172
[350/392] correct 83/161 decided (51.6%), tied 188
[375/392] correct 86/169 decided (50.9%), tied 205
[392/392] correct 88/175 decided (50.3%), tied 216

done in 16.3 min - ok=391 failed=1
directional accuracy (decided) : 88/175 (50.3%)   [chance = 50%]
ties                           : 216/391 (55.2%)
