defensive generator prompt sha : ef2baeea3085
cases to generate : 389

[25/389] generated, mean 3.2 defensive steps/case
[29/389] C_1231__0: FAILED empty implementation
[39/389] C_1277__1: FAILED empty implementation
[41/389] C_1292__0: FAILED empty implementation
[43/389] C_1292__1: FAILED empty implementation
[50/389] C_1340__0: FAILED empty implementation
[75/389] generated, mean 3.6 defensive steps/case
[100/389] generated, mean 3.6 defensive steps/case
[125/389] generated, mean 3.8 defensive steps/case
[150/389] generated, mean 3.8 defensive steps/case
[173/389] C_340__2: FAILED Unterminated string starting at: line 2 column 21 (char 22)
[175/389] C_356__0: FAILED Unterminated string starting at: line 2 column 21 (char 22)
[191/389] C_389__0: FAILED Unterminated string starting at: line 2 column 21 (char 22)
[200/389] generated, mean 3.8 defensive steps/case
[225/389] generated, mean 3.9 defensive steps/case
[243/389] C_4__0: FAILED Unterminated string starting at: line 2 column 21 (char 22)
[250/389] generated, mean 3.9 defensive steps/case
[275/389] generated, mean 3.9 defensive steps/case
[277/389] C_595__0: FAILED Unterminated string starting at: line 2 column 21 (char 22)
[300/389] generated, mean 3.9 defensive steps/case
[325/389] generated, mean 3.9 defensive steps/case
[343/389] C_753__0: FAILED Unterminated string starting at: line 2 column 21 (char 22)
[350/389] generated, mean 3.9 defensive steps/case
[363/389] C_820__1: FAILED Unterminated string starting at: line 2 column 21 (char 22)
[375/389] generated, mean 3.9 defensive steps/case
[389/389] generated, mean 3.9 defensive steps/case
