defensive generator prompt sha : ef2baeea3085
cases to generate : 390

[25/390] generated, mean 3.0 defensive steps/case
[30/390] C_1231__0: FAILED empty implementation
[41/390] C_1292__0: FAILED empty implementation
[49/390] C_1340__0: FAILED empty implementation
[50/390] generated, mean 3.1 defensive steps/case
[75/390] generated, mean 3.5 defensive steps/case
[100/390] generated, mean 3.5 defensive steps/case
[125/390] generated, mean 3.6 defensive steps/case
[150/390] generated, mean 3.8 defensive steps/case
[175/390] generated, mean 3.8 defensive steps/case
[200/390] generated, mean 3.7 defensive steps/case
[225/390] generated, mean 3.8 defensive steps/case
[244/390] C_4__0: FAILED Unterminated string starting at: line 2 column 21 (char 22)
[250/390] generated, mean 3.8 defensive steps/case
[266/390] C_588__3: FAILED Unterminated string starting at: line 2 column 21 (char 22)
[275/390] C_595__0: FAILED Unterminated string starting at: line 2 column 21 (char 22)
[300/390] generated, mean 3.8 defensive steps/case
[316/390] C_69__1: FAILED Unterminated string starting at: line 2 column 21 (char 22)
[325/390] generated, mean 3.8 defensive steps/case
[330/390] C_739__0: FAILED Unterminated string starting at: line 2 column 21 (char 22)
[340/390] C_753__0: FAILED Unterminated string starting at: line 2 column 21 (char 22)
[350/390] generated, mean 3.8 defensive steps/case
[375/390] generated, mean 3.8 defensive steps/case
[390/390] generated, mean 3.8 defensive steps/case
