claim-check judge prompt sha : d490b9b09ae3
cases to judge : 383

[25/383] correct 7/13 decided (53.8%), tied 12
[47/383] C_1313__0: FAILED oversize_prompt
[50/383] correct 13/29 decided (44.8%), tied 20
[75/383] correct 20/45 decided (44.4%), tied 29
[100/383] correct 31/59 decided (52.5%), tied 40
[125/383] correct 40/74 decided (54.1%), tied 50
[150/383] correct 44/86 decided (51.2%), tied 63
[175/383] correct 51/99 decided (51.5%), tied 75
[200/383] correct 59/116 decided (50.9%), tied 83
[225/383] correct 68/131 decided (51.9%), tied 93
[250/383] correct 78/148 decided (52.7%), tied 101
[275/383] correct 86/163 decided (52.8%), tied 111
[300/383] correct 95/176 decided (54.0%), tied 123
[325/383] correct 102/189 decided (54.0%), tied 135
[350/383] correct 111/206 decided (53.9%), tied 143
[375/383] correct 117/219 decided (53.4%), tied 155
[383/383] correct 120/225 decided (53.3%), tied 157

done in 17.9 min - ok=382 failed=1
directional accuracy (decided) : 120/225 (53.3%)   [chance = 50%]
ties : 157/382 (41.1%)
