claim-check judge prompt sha : d490b9b09ae3
cases to judge : 377

[25/377] correct 6/14 decided (42.9%), tied 11
[47/377] C_1313__0: FAILED oversize_prompt
[50/377] correct 14/27 decided (51.9%), tied 22
[75/377] correct 20/41 decided (48.8%), tied 33
[100/377] correct 27/56 decided (48.2%), tied 43
[125/377] correct 38/71 decided (53.5%), tied 53
[150/377] correct 47/86 decided (54.7%), tied 63
[175/377] correct 59/105 decided (56.2%), tied 69
[200/377] correct 66/118 decided (55.9%), tied 81
[225/377] correct 74/129 decided (57.4%), tied 95
[250/377] correct 83/144 decided (57.6%), tied 105
[275/377] correct 90/157 decided (57.3%), tied 117
[300/377] correct 97/168 decided (57.7%), tied 131
[325/377] correct 104/184 decided (56.5%), tied 140
[350/377] correct 109/196 decided (55.6%), tied 153
[375/377] correct 118/208 decided (56.7%), tied 166
[377/377] correct 119/209 decided (56.9%), tied 167

done in 18.1 min - ok=376 failed=1
directional accuracy (decided) : 119/209 (56.9%)   [chance = 50%]
ties : 167/376 (44.4%)
